// Jest Snapshot v1, https://goo.gl/fbAQLP

exports[`Footer components Renders Footer properly 1`] = `
<footer
  class="sc-bdvvtL DriOi"
>
  Test
</footer>
`;
