// Jest Snapshot v1, https://goo.gl/fbAQLP

exports[`typography components Renders H1 components 1`] = `
<h1
  class="sc-bdvvtL bwDMfC"
>
  Test
</h1>
`;

exports[`typography components Renders H2 components 1`] = `
<h2
  class="sc-gsDKAQ fusehV"
>
  Test
</h2>
`;
