// Jest Snapshot v1, https://goo.gl/fbAQLP

exports[`Header components Renders Header properly 1`] = `
<header
  class="sc-bdvvtL kGvRYS"
>
  Test
</header>
`;

exports[`Header components Renders HeaderTitle properly 1`] = `
<div
  class="sc-gsDKAQ iOVEzF"
>
  Test
</div>
`;
