// Jest Snapshot v1, https://goo.gl/fbAQLP

exports[`Input Text components Renders Input Text components 1`] = `
<textarea
  class="sc-bdvvtL bJjdMu"
  cols="80"
  name="inputText"
  placeholder="Digite aqui suas observações:"
  rows="10"
>
  Test
</textarea>
`;
